// Vitest Snapshot v1, https://vitest.dev/guide/snapshot.html

exports[`normalize + draw > esbuild fixture renders 1`] = `
"███████████████████▓▓▓▓▓▓▓▓▓▓▓▓▓▒▒▒▒▒▒▒▒
███████████████████▓▓▓▓▓▓▓▓▓▓▓▓▓▒▒▒▒▒▒▒▒
███████████████████▓▓▓▓▓▓▓▓▓▓▓▓▓▒▒▒▒▒▒▒▒
███████████████████▓▓▓▓▓▓▓▓▓▓▓▓▓▒▒▒▒▒▒▒▒
███████████████████▓▓▓▓▓▓▓▓▓▓▓▓▓▒▒▒▒▒▒▒▒
███████████████████▓▓▓▓▓▓▓▓▓▓▓▓▓▒▒▒▒▒▒▒▒
███████████████████▓▓▓▓▓▓▓▓▓▓▓▓▓▒▒▒▒▒▒▒▒
███████████████████▓▓▓▓▓▓▓▓▓▓▓▓▓▒▒▒▒▒▒▒▒"
`;

exports[`normalize + draw > vite fixture renders 1`] = `
"███████████████████▓▓▓▓▓▓▓▓▓▓▓▓▓▒▒▒▒▒▒▒▒
███████████████████▓▓▓▓▓▓▓▓▓▓▓▓▓▒▒▒▒▒▒▒▒
███████████████████▓▓▓▓▓▓▓▓▓▓▓▓▓▒▒▒▒▒▒▒▒
███████████████████▓▓▓▓▓▓▓▓▓▓▓▓▓▒▒▒▒▒▒▒▒
███████████████████▓▓▓▓▓▓▓▓▓▓▓▓▓▒▒▒▒▒▒▒▒
███████████████████▓▓▓▓▓▓▓▓▓▓▓▓▓▒▒▒▒▒▒▒▒
███████████████████▓▓▓▓▓▓▓▓▓▓▓▓▓▒▒▒▒▒▒▒▒
███████████████████▓▓▓▓▓▓▓▓▓▓▓▓▓▒▒▒▒▒▒▒▒"
`;

exports[`normalize + draw > webpack fixture renders 1`] = `
"█████████████▒▒▒▒▒▒▒▒▒▒▒▒▒▒▒▒▒▒▒▒▒▒▒▒░░░
█████████████▒▒▒▒▒▒▒▒▒▒▒▒▒▒▒▒▒▒▒▒▒▒▒▒░░░
█████████████▒▒▒▒▒▒▒▒▒▒▒▒▒▒▒▒▒▒▒▒▒▒▒▒░░░
█████████████▒▒▒▒▒▒▒▒▒▒▒▒▒▒▒▒▒▒▒▒▒▒▒▒░░░
█████████████▒▒▒▒▒▒▒▒▒▒▒▒▒▒▒▒▒▒▒▒▒▒▒▒░░░
█████████████▒▒▒▒▒▒▒▒▒▒▒▒▒▒▒▒▒▒▒▒▒▒▒▒░░░
█████████████▒▒▒▒▒▒▒▒▒▒▒▒▒▒▒▒▒▒▒▒▒▒▒▒░░░
█████████████▒▒▒▒▒▒▒▒▒▒▒▒▒▒▒▒▒▒▒▒▒▒▒▒░░░"
`;
